// Jest Snapshot v1, https://goo.gl/fbAQLP

exports[`NomineeCard should render correctly 1`] = `ShallowWrapper {}`;
